--------------------------------------------------------------------------------
Xilinx First Stage Boot Loader (TE modified)
Release 2023.2  Jan 16 2024-09:58:40

Device IDCODE: 23727093
Device Name: 7z020 (7)
Device Revision: 2
--------------------------------------------------------------------------------
TE0720 TE_FsblHookBeforeHandoff_Custom

CPLD_REV=07

WDT_STATUS=Deactive(0)

CPLD_BM=Deactive(0)

BOOTMOD_GEN=3(default QSPI/JTAG/SD)

PUDC_MODE=Pullup(0)

BOOT_MODE=SD Card(3)

MAC: 00 04 A3 DB 54 FE

--------------------------------------------------------------------------------


U-Boot 2023.01 (Sep 21 2023 - 11:02:37 +0000)TE0720

CPU:   Zynq 7z020
Silicon: v3.1
DRAM:  ECC disabled 1 GiB
Core:  28 devices, 18 uclasses, devicetree: board
Flash: 0 Bytes
NAND:  0 MiB
MMC:   mmc@e0100000: 0, mmc@e0101000: 1
Loading Environment from nowhere... OK
In:    serial@e0000000
Out:   serial@e0000000
Err:   serial@e0000000
Net:
ZYNQ GEM: e000b000, mdio bus e000b000, phyaddr 0, interface rgmii-id
eth0: ethernet@e000b000
U-BOOT for petalinux
Importing env from FSBL shared area at 0xFFFFFC00
Found valid magic
## Info: input data size = 27 = 0x1B

Hit any key to stop autoboot:  0
switch to partitions #0, OK
mmc0 is current device
Scanning mmc 0:1...
Found U-Boot script /boot.scr
2478 bytes read in 20 ms (120.1 KiB/s)
## Executing script at 03000000
[TE_BOOT-00] Automatically generated Trenz Electronic Boot Source file with setup mod
[TE_BOOT-00] Boot Source Script File creation date: 2024_01_16 10_20_31
[TE_BOOT-01] Trenz Boot-file version 1.1 (development)
[TE_BOOT-10] Found boot.scr in device: mmc0
[TE_BOOT-11] Chosen Bootmode is sdboot from boot_targets=mmc0 jtag mmc0 mmc1 qspi nand nor usb0 usb1 pxe dhcp
[TE_BOOT-11] Use RAM Address 0x10000000 for linux image
[TE_BOOT-20] boot_target is mmc0. Found image.ub on mmc0:1
25375232 bytes read in 1364 ms (17.7 MiB/s)
## Loading kernel from FIT Image at 10000000 ...
   Using 'conf-system-top.dtb' configuration
   Verifying Hash Integrity ... OK
   Trying 'kernel-1' kernel subimage
     Description:  Linux kernel
     Type:         Kernel Image
     Compression:  uncompressed
     Data Start:   0x10000110
     Data Size:    4669744 Bytes = 4.5 MiB
     Architecture: ARM
     OS:           Linux
     Load Address: 0x00200000
     Entry Point:  0x00200000
     Hash algo:    sha256
     Hash value:   2ecbe4941faf4716cd093307ea78e4a0d5aac9fde38e6d695b515ff8acd100b7
   Verifying Hash Integrity ... sha256+ OK
## Loading ramdisk from FIT Image at 10000000 ...
   Using 'conf-system-top.dtb' configuration
   Verifying Hash Integrity ... OK
   Trying 'ramdisk-1' ramdisk subimage
     Description:  petalinux-image-minimal
     Type:         RAMDisk Image
     Compression:  uncompressed
     Data Start:   0x10479140
     Data Size:    20683594 Bytes = 19.7 MiB
     Architecture: ARM
     OS:           Linux
     Load Address: unavailable
     Entry Point:  unavailable
     Hash algo:    sha256
     Hash value:   7625df40d67a80347ec2ca4e9e793c3402d960708082d708ecfe9e03f93d80e6
   Verifying Hash Integrity ... sha256+ OK
## Loading fdt from FIT Image at 10000000 ...
   Using 'conf-system-top.dtb' configuration
   Verifying Hash Integrity ... OK
   Trying 'fdt-system-top.dtb' fdt subimage
     Description:  Flattened Device Tree blob
     Type:         Flat Device Tree
     Compression:  uncompressed
     Data Start:   0x1047434c
     Data Size:    19752 Bytes = 19.3 KiB
     Architecture: ARM
     Hash algo:    sha256
     Hash value:   430eb0eb68ecbbe88b482488a499a41bcf522a4f25abc134045aa3734d2fdba5
   Verifying Hash Integrity ... sha256+ OK
   Booting using the fdt blob at 0x1047434c
Working FDT set to 1047434c
   Loading Kernel Image
   Loading Ramdisk to 2ec46000, end 2ffffb4a ... OK
   Loading Device Tree to 2ec3e000, end 2ec45d27 ... OK
Working FDT set to 2ec3e000

Starting kernel ...

Booting Linux on physical CPU 0x0
Linux version 6.1.30-xilinx-v2023.2 (oe-user@oe-host) (arm-xilinx-linux-gnueabi-gcc (GCC) 12.2.0, GNU ld (GNU Binutils) 2.39.0.20220819) #1 SMP PREEMPT Fri Sep 22 10:41:01 UTC 2023
CPU: ARMv7 Processor [413fc090] revision 0 (ARMv7), cr=18c5387d
CPU: PIPT / VIPT nonaliasing data cache, VIPT aliasing instruction cache
OF: fdt: Machine model: xlnx,zynq-7000
earlycon: cdns0 at MMIO 0xe0000000 (options '115200n8')
printk: bootconsole [cdns0] enabled
Memory policy: Data cache writealloc
cma: Reserved 16 MiB at 0x3f000000
Zone ranges:
  Normal   [mem 0x0000000000000000-0x000000002fffffff]
  HighMem  [mem 0x0000000030000000-0x000000003fffffff]
Movable zone start for each node
Early memory node ranges
  node   0: [mem 0x0000000000000000-0x000000003fffffff]
Initmem setup node 0 [mem 0x0000000000000000-0x000000003fffffff]
percpu: Embedded 12 pages/cpu s16788 r8192 d24172 u49152
Built 1 zonelists, mobility grouping on.  Total pages: 260608
Kernel command line: console=ttyPS0,115200 earlycon root=/dev/ram0 rw
Dentry cache hash table entries: 131072 (order: 7, 524288 bytes, linear)
Inode-cache hash table entries: 65536 (order: 6, 262144 bytes, linear)
mem auto-init: stack:all(zero), heap alloc:off, heap free:off
Memory: 990692K/1048576K available (7168K kernel code, 249K rwdata, 1944K rodata, 1024K init, 119K bss, 41500K reserved, 16384K cma-reserved, 245760K highmem)
rcu: Preemptible hierarchical RCU implementation.
rcu:    RCU event tracing is enabled.
rcu:    RCU restricting CPUs from NR_CPUS=4 to nr_cpu_ids=2.
rcu: RCU calculated value of scheduler-enlistment delay is 10 jiffies.
rcu: Adjusting geometry for rcu_fanout_leaf=16, nr_cpu_ids=2
NR_IRQS: 16, nr_irqs: 16, preallocated irqs: 16
efuse mapped to (ptrval)
slcr mapped to (ptrval)
GIC physical location is 0xf8f01000
L2C: platform modifies aux control register: 0x72360000 -> 0x72760000
L2C: DT/platform modifies aux control register: 0x72360000 -> 0x72760000
L2C-310 erratum 769419 enabled
L2C-310 enabling early BRESP for Cortex-A9
L2C-310 full line of zeros enabled for Cortex-A9
L2C-310 ID prefetch enabled, offset 1 lines
L2C-310 dynamic clock gating enabled, standby mode enabled
L2C-310 cache controller enabled, 8 ways, 512 kB
L2C-310: CACHE_ID 0x410000c8, AUX_CTRL 0x76760001
rcu: srcu_init: Setting srcu_struct sizes based on contention.
zynq_clock_init: clkc starts at (ptrval)
Zynq clock init
sched_clock: 64 bits at 167MHz, resolution 6ns, wraps every 4398046511103ns
clocksource: arm_global_timer: mask: 0xffffffffffffffff max_cycles: 0x26703d7dd8, max_idle_ns: 440795208065 ns
Switching to timer-based delay loop, resolution 6ns
Console: colour dummy device 80x30
Calibrating delay loop (skipped), value calculated using timer frequency.. 333.33 BogoMIPS (lpj=1666666)
pid_max: default: 32768 minimum: 301
Mount-cache hash table entries: 2048 (order: 1, 8192 bytes, linear)
Mountpoint-cache hash table entries: 2048 (order: 1, 8192 bytes, linear)
CPU: Testing write buffer coherency: ok
CPU0: Spectre v2: using BPIALL workaround
CPU0: thread -1, cpu 0, socket 0, mpidr 80000000
Setting up static identity map for 0x100000 - 0x100060
rcu: Hierarchical SRCU implementation.
rcu:    Max phase no-delay instances is 1000.
smp: Bringing up secondary CPUs ...
CPU1: thread -1, cpu 1, socket 0, mpidr 80000001
CPU1: Spectre v2: using BPIALL workaround
smp: Brought up 1 node, 2 CPUs
SMP: Total of 2 processors activated (666.66 BogoMIPS).
CPU: All CPU(s) started in SVC mode.
devtmpfs: initialized
VFP support v0.3: implementor 41 architecture 3 part 30 variant 9 rev 4
clocksource: jiffies: mask: 0xffffffff max_cycles: 0xffffffff, max_idle_ns: 19112604462750000 ns
futex hash table entries: 512 (order: 3, 32768 bytes, linear)
pinctrl core: initialized pinctrl subsystem
NET: Registered PF_NETLINK/PF_ROUTE protocol family
DMA: preallocated 256 KiB pool for atomic coherent allocations
thermal_sys: Registered thermal governor 'step_wise'
cpuidle: using governor menu
platform replicator: Fixed dependency cycle(s) with /axi/etb@f8801000
platform replicator: Fixed dependency cycle(s) with /axi/tpiu@f8803000
platform replicator: Fixed dependency cycle(s) with /axi/funnel@f8804000
amba f8804000.funnel: Fixed dependency cycle(s) with /axi/ptm@f889d000
amba f8804000.funnel: Fixed dependency cycle(s) with /axi/ptm@f889c000
hw-breakpoint: found 5 (+1 reserved) breakpoint and 1 watchpoint registers.
hw-breakpoint: maximum watchpoint size is 4 bytes.
e0000000.serial: ttyPS0 at MMIO 0xe0000000 (irq = 26, base_baud = 6249999) is a xuartps
printk: console [ttyPS0] enabled
printk: console [ttyPS0] enabled
printk: bootconsole [cdns0] disabled
printk: bootconsole [cdns0] disabled
e0001000.serial: ttyPS1 at MMIO 0xe0001000 (irq = 27, base_baud = 6249999) is a xuartps
SCSI subsystem initialized
usbcore: registered new interface driver usbfs
usbcore: registered new interface driver hub
usbcore: registered new device driver usb
mc: Linux media interface: v0.10
videodev: Linux video capture interface: v2.00
pps_core: LinuxPPS API ver. 1 registered
pps_core: Software ver. 5.3.6 - Copyright 2005-2007 Rodolfo Giometti <giometti@linux.it>
PTP clock support registered
EDAC MC: Ver: 3.0.0
FPGA manager framework
Advanced Linux Sound Architecture Driver Initialized.
vgaarb: loaded
clocksource: Switched to clocksource arm_global_timer
NET: Registered PF_INET protocol family
IP idents hash table entries: 16384 (order: 5, 131072 bytes, linear)
tcp_listen_portaddr_hash hash table entries: 512 (order: 0, 4096 bytes, linear)
Table-perturb hash table entries: 65536 (order: 6, 262144 bytes, linear)
TCP established hash table entries: 8192 (order: 3, 32768 bytes, linear)
TCP bind hash table entries: 8192 (order: 5, 131072 bytes, linear)
TCP: Hash tables configured (established 8192 bind 8192)
UDP hash table entries: 512 (order: 2, 16384 bytes, linear)
UDP-Lite hash table entries: 512 (order: 2, 16384 bytes, linear)
NET: Registered PF_UNIX/PF_LOCAL protocol family
RPC: Registered named UNIX socket transport module.
RPC: Registered udp transport module.
RPC: Registered tcp transport module.
RPC: Registered tcp NFSv4.1 backchannel transport module.
PCI: CLS 0 bytes, default 64
Trying to unpack rootfs image as initramfs...
armv7-pmu f8891000.pmu: hw perfevents: no interrupt-affinity property, guessing.
hw perfevents: enabled with armv7_cortex_a9 PMU driver, 7 counters available
workingset: timestamp_bits=30 max_order=18 bucket_order=0
jffs2: version 2.2. (NAND) (SUMMARY)  Â© 2001-2006 Red Hat, Inc.
bounce: pool size: 64 pages
io scheduler mq-deadline registered
io scheduler kyber registered
zynq-pinctrl 700.pinctrl: zynq pinctrl initialized
dma-pl330 f8003000.dma-controller: Loaded driver for PL330 DMAC-241330
dma-pl330 f8003000.dma-controller:      DBUFF-128x8bytes Num_Chans-8 Num_Peri-4 Num_Events-16
brd: module loaded
loop: module loaded
spi-nor spi0.0: s25fl256s1 (32768 Kbytes)
4 fixed-partitions partitions found on MTD device spi0.0
Creating 4 MTD partitions on "spi0.0":
0x000000000000-0x000000100000 : "qspi-boot"
0x000000100000-0x000001500000 : "qspi-kernel"
0x000001500000-0x000001520000 : "qspi-bootenv"
0x000001520000-0x000001560000 : "bootscr"
CAN device driver interface
[Firmware Warn]: /axi/ethernet@e000b000/mdio/phy@0: Whitelisted compatible string. Please remove
Freeing initrd memory: 20200K
hwmon hwmon0: temp1_input not attached to any thermal zone
macb e000b000.ethernet eth0: Cadence GEM rev 0x00020118 at 0xe000b000 irq 41 (00:04:a3:db:54:fe)
e1000e: Intel(R) PRO/1000 Network Driver
e1000e: Copyright(c) 1999 - 2015 Intel Corporation.
usbcore: registered new interface driver usb-storage
ULPI transceiver vendor/product ID 0x0424/0x0007
Found SMSC USB3320 ULPI transceiver.
ULPI integrity check: passed.
ci_hdrc ci_hdrc.0: EHCI Host Controller
ci_hdrc ci_hdrc.0: new USB bus registered, assigned bus number 1
ci_hdrc ci_hdrc.0: USB 2.0 started, EHCI 1.00
hub 1-0:1.0: USB hub found
hub 1-0:1.0: 1 port detected
i2c_dev: i2c /dev entries driver
cdns-i2c e0004000.i2c: can't get pinctrl, bus recovery not supported
cdns-i2c e0004000.i2c: 400 kHz mmio e0004000 irq 43
cdns-i2c e0005000.i2c: can't get pinctrl, bus recovery not supported
rtc-isl12022 1-006f: registered as rtc0
rtc-isl12022 1-006f: setting system clock to 2000-01-01T00:00:00 UTC (946684800)
cdns-i2c e0005000.i2c: 400 kHz mmio e0005000 irq 44
cdns-wdt f8005000.watchdog: Xilinx Watchdog Timer with timeout 10s
EDAC MC: ECC not enabled
Xilinx Zynq CpuIdle Driver started
sdhci: Secure Digital Host Controller Interface driver
sdhci: Copyright(c) Pierre Ossman
sdhci-pltfm: SDHCI platform and OF driver helper
ledtrig-cpu: registered to indicate activity on CPUs
clocksource: ttc_clocksource: mask: 0xffff max_cycles: 0xffff, max_idle_ns: 537538477 ns
timer #0 at (ptrval), irq=48
usbcore: registered new interface driver usbhid
usbhid: USB HID core driver
fpga_manager fpga0: Xilinx Zynq FPGA Manager registered
mmc0: SDHCI controller on e0100000.mmc [e0100000.mmc] using ADMA
mmc1: SDHCI controller on e0101000.mmc [e0101000.mmc] using ADMA
NET: Registered PF_INET6 protocol family
Segment Routing with IPv6
In-situ OAM (IOAM) with IPv6
sit: IPv6, IPv4 and MPLS over IPv4 tunneling driver
NET: Registered PF_PACKET protocol family
can: controller area network core
NET: Registered PF_CAN protocol family
can: raw protocol
can: broadcast manager protocol
can: netlink gateway - max_hops=1
Registering SWP/SWPB emulation handler
of-fpga-region fpga-full: FPGA Region probed
of_cfs_init
of_cfs_init: OK
ALSA device list:
  No soundcards found.
Freeing unused kernel image (initmem) memory: 1024K
Run /init as init process
INIT: mmc0: new high speed SDHC card at address 0007
mmcblk0: mmc0:0007 SD8GB 7.21 GiB
 mmcblk0: p1
version 3.04 booting
Starting udev
Starting version 251.8+
mmc1: new high speed MMC card at address 0001
mmcblk1: mmc1:0001 H4G2a 3.64 GiB
mmcblk1boot0: mmc1:0001 H4G2a 4.00 MiB
usb 1-1: new high-speed USB device number 2 using ci_hdrc
mmcblk1boot1: mmc1:0001 H4G2a 4.00 MiB
mmcblk1rpmb: mmc1:0001 H4G2a 4.00 MiB, chardev (245:0)
usb-storage 1-1:1.0: USB Mass Storage device detected
scsi host0: usb-storage 1-1:1.0
scsi 0:0:0:0: Direct-Access     Intenso  Twist Line       8.00 PQ: 0 ANSI: 6
sd 0:0:0:0: Attached scsi generic sg0 type 0
sd 0:0:0:0: [sda] 61440000 512-byte logical blocks: (31.5 GB/29.3 GiB)
sd 0:0:0:0: [sda] Write Protect is off
sd 0:0:0:0: [sda] Write cache: disabled, read cache: enabled, doesn't support DPO or FUA
 sda:
sd 0:0:0:0: [sda] Attached SCSI removable disk
random: crng init done
FAT-fs (sda): Volume was not properly unmounted. Some data may be corrupt. Please run fsck.
hwclock: Timed out waiting for time change.
Fri Mar  9 12:34:56 UTC 2018
Configuring packages on first boot....
 (This may take several minutes. Please do not power off the machine.)
Running postinst /etc/rpm-postinsts/100-sysvinit-inittab...
update-rc.d: /etc/init.d/run-postinsts exists during rc.d purge (continuing)
 Removing any system startup links for run-postinsts ...
  /etc/rcS.d/S99run-postinsts
INIT: Entering runlevel: 5
Configuring network interfaces... macb e000b000.ethernet eth0: PHY [e000b000.ethernet-ffffffff:00] driver [Marvell 88E1510] (irq=POLL)
macb e000b000.ethernet eth0: configuring for phy/rgmii-id link mode
udhcpc: started, v1.35.0
udhcpc: broadcasting discover
macb e000b000.ethernet eth0: Link is Up - 1Gbps/Full - flow control tx
IPv6: ADDRCONF(NETDEV_CHANGE): eth0: link becomes ready
udhcpc: broadcasting discover
udhcpc: broadcasting select for 192.168.181.100, server 192.168.181.1
udhcpc: lease of 192.168.181.100 obtained from 192.168.181.1, lease time 600
done.
Starting OpenBSD Secure Shell server: sshd
  generating ssh RSA host key...


  generating ssh ECDSA host key...
  generating ssh ED25519 host key...
done.
Starting rpcbind daemon...done.
starting statd: done
starting Busybox HTTP Daemon: httpd... done.
Starting internet superserver: inetd.
NFS daemon support not enabled in kernel
Starting syslogd/klogd: done
Starting tcf-agent: OK

PetaLinux 2023.2+release-S10121051 Trenz ttyPS0

Trenz login: root (automatic login)

Init Start
Init End
root@Trenz:~#
